{
  "Imports": [
    {
      "name": "context",
      "path": "context"
    },
    {
      "name": "middleware",
      "path": "github.com/livebud/bud/package/middleware"
    },
    {
      "name": "router",
      "path": "github.com/livebud/bud/package/router"
    },
    {
      "name": "web",
      "path": "github.com/livebud/bud/runtime/web"
    },
    {
      "name": "welcome",
      "path": "github.com/livebud/bud/runtime/web/welcome"
    },
    {
      "name": "http",
      "path": "net/http"
    }
  ],
  "Actions": null,
  "HasPublic": false,
  "HasView": false,
  "ShowWelcome": true
}